
> www@0.1.0 build /home/hatch/workspace/goals/private-rec-room-revival-build/fluxrec/server/apps/www
> run-vite-build

vite v6.4.3 building SSR bundle for production...
transforming...
✓ 183 modules transformed.
rendering chunks...
dist/www/.vite/manifest.json    0.16 kB
dist/www/wrangler.json          2.35 kB
dist/www/index.js             283.21 kB
✓ built in 4.24s
vite v6.4.3 building for production...
transforming...
✓ 40 modules transformed.
rendering chunks...
computing gzip size...
dist/client/.assetsignore                  0.02 kB
dist/client/index.html                     1.39 kB │ gzip:  0.81 kB
dist/client/docs/scalar.standalone.js  3,736.90 kB
dist/client/assets/index-B1XMMhdh.css     21.64 kB │ gzip:  4.97 kB
dist/client/assets/index--p9pNK5F.js     276.48 kB │ gzip: 84.73 kB
✓ built in 1.41s
